[2026-10-10 04:37:41] ============================================================
[2026-10-10 04:37:41] DailyIPTV 直播源聚合更新 (优化版)
[2026-10-10 04:37:41] ============================================================
[2026-10-10 04:37:41] 正在获取: https://m3u.ibert.me/fmml_ipv6.m3u
[2026-10-10 04:37:41] 从该源解析出 82 个频道
[2026-10-10 04:37:41] 正在获取: https://live.zbds.org/tv/iptv6.m3u
[2026-10-10 04:37:42] 获取异常: HTTPSConnectionPool(host='live.zbds.org', port=443): Max retries exceeded with url: /tv/iptv6.m3u (Caused by NameResolutionError("HTTPSConnection(host='live.zbds.org', port=443): Failed to resolve 'live.zbds.org' ([Errno -2] Name or service not known)"))
[2026-10-10 04:37:42] 正在获取: https://raw.githubusercontent.com/suxuang/myIPTV/refs/heads/main/ipv4.m3u
[2026-10-10 04:37:42] 从该源解析出 1225 个频道
[2026-10-10 04:37:42] 正在获取: https://zbds.org/tv/iptv4.m3u
[2026-10-10 04:37:42] 获取异常: HTTPSConnectionPool(host='zbds.org', port=443): Max retries exceeded with url: /tv/iptv4.m3u (Caused by NameResolutionError("HTTPSConnection(host='zbds.org', port=443): Failed to resolve 'zbds.org' ([Errno -2] Name or service not known)"))
[2026-10-10 04:37:42] 正在获取: https://raw.githubusercontent.com/wujiangliu/live-sources/refs/heads/main/电视家.m3u
[2026-10-10 04:37:42] 获取失败，状态码: 404
[2026-10-10 04:37:42] 正在获取: https://raw.githubusercontent.com/fafa002/yf2025/refs/heads/main/yiyifafa.txt
[2026-10-10 04:37:42] 从该源解析出 0 个频道
[2026-10-10 04:37:43] 正在获取: https://raw.githubusercontent.com/zxmlxw520/5566/refs/heads/main/cjdszb.txt
[2026-10-10 04:37:43] 从该源解析出 0 个频道
[2026-10-10 04:37:43] 正在获取: https://raw.githubusercontent.com/suxuang/myIPTV/main/ipv4.m3u
[2026-10-10 04:37:43] 从该源解析出 1225 个频道
[2026-10-10 04:37:44] 正在获取: https://tv.anbox.ip-ddns.com/live
[2026-10-10 04:37:44] 获取异常: HTTPSConnectionPool(host='tv.anbox.ip-ddns.com', port=443): Max retries exceeded with url: /live (Caused by SSLError(SSLCertVerificationError(1, "[SSL: CERTIFICATE_VERIFY_FAILED] certificate verify failed: Hostname mismatch, certificate is not valid for 'tv.anbox.ip-ddns.com'. (_ssl.c:1016)")))
[2026-10-10 04:37:44] 正在获取: https://raw.githubusercontent.com/mymsnn/DailyIPTV/main/outputs/full_validated.m3u
[2026-10-10 04:37:44] 从该源解析出 155 个频道
[2026-10-10 04:37:45] 正在获取: https://raw.githubusercontent.com/JE668/m3u-checker-max/main/output/live.txt
[2026-10-10 04:37:45] 从该源解析出 0 个频道
[2026-10-10 04:37:45] 正在获取: http://wangziduoqing.com/yuan/zb.txt
[2026-10-10 04:37:50] 从该源解析出 0 个频道
[2026-10-10 04:37:51] 正在获取: https://raw.githubusercontent.com/807080747/zv/refs/heads/main/sese.txt
[2026-10-10 04:37:51] 从该源解析出 0 个频道
[2026-10-10 04:37:51] 正在获取: https://raw.githubusercontent.com/fleung49/star/refs/heads/main/mit
[2026-10-10 04:37:52] 从该源解析出 0 个频道
[2026-10-10 04:37:52] 正在获取: http://ge.html-5.me//ii/黄蚂蚁先锋推流源.txt
[2026-10-10 04:37:53] 从该源解析出 0 个频道
[2026-10-10 04:37:53] 正在获取: https://www.985pan.com/down.php/bf5e9607ff407fcdd71f63928ea5bc79.txt
[2026-10-10 04:37:54] 获取异常: HTTPSConnectionPool(host='www.985pan.com', port=443): Max retries exceeded with url: /down.php/bf5e9607ff407fcdd71f63928ea5bc79.txt (Caused by SSLError(SSLCertVerificationError(1, "[SSL: CERTIFICATE_VERIFY_FAILED] certificate verify failed: Hostname mismatch, certificate is not valid for 'www.985pan.com'. (_ssl.c:1016)")))
[2026-10-10 04:37:54] 正在获取: https://raw.githubusercontent.com/alantang1977/iptv8/refs/heads/main/bbxx_lite.m3u
[2026-10-10 04:37:54] 从该源解析出 6 个频道
[2026-10-10 04:37:54] 正在获取: https://raw.githubusercontent.com/wujiangliu/live-sources/refs/heads/main/wangzizb.txt
[2026-10-10 04:37:54] 从该源解析出 0 个频道
[2026-10-10 04:37:55] 正在获取: https://raw.githubusercontent.com/wujiangliu/live-sources/refs/heads/main/shenqu.txt
[2026-10-10 04:37:55] 从该源解析出 0 个频道
[2026-10-10 04:37:55] 正在获取: https://gitee.com/main-stream/tv/raw/master/BOSS.json
[2026-10-10 04:38:02] 从该源解析出 0 个频道
[2026-10-10 04:38:02] 正在获取: https://raw.githubusercontent.com/alantang1977/iptv-auto/refs/heads/main/my.txt
[2026-10-10 04:38:02] 从该源解析出 0 个频道
[2026-10-10 04:38:03] 正在获取: https://raw.githubusercontent.com/ajqubbs/zhiboyuan/refs/heads/main/gatzb.txt
[2026-10-10 04:38:03] 从该源解析出 0 个频道
[2026-10-10 04:38:03] 正在获取: https://gitee.com/alexkw/app/raw/master/kgk.txt
[2026-10-10 04:38:04] 获取失败，状态码: 423
[2026-10-10 04:38:04] 正在获取: https://d.kstore.dev/download/15114/HKTV.txt
[2026-10-10 04:38:04] 获取失败，状态码: 404
[2026-10-10 04:38:04] 正在获取: https://live.445569.xyz/live.m3u
[2026-10-10 04:38:04] 获取异常: HTTPSConnectionPool(host='live.445569.xyz', port=443): Max retries exceeded with url: /live.m3u (Caused by NameResolutionError("HTTPSConnection(host='live.445569.xyz', port=443): Failed to resolve 'live.445569.xyz' ([Errno -2] Name or service not known)"))
[2026-10-10 04:38:04] 正在获取: https://raw.githubusercontent.com/alantang1977/JunTV/refs/heads/main/output/result.m3u
[2026-10-10 04:38:04] 从该源解析出 1317 个频道
[2026-10-10 04:38:05] 正在获取: https://raw.githubusercontent.com/swhtv/1/refs/heads/main/swtvlive
[2026-10-10 04:38:05] 从该源解析出 0 个频道
[2026-10-10 04:38:05] 正在获取: https://raw.githubusercontent.com/mhmdxahmd/mafly/refs/heads/main/MAfly1/mafly.m3u
[2026-10-10 04:38:05] 从该源解析出 1588 个频道
[2026-10-10 04:38:06] 正在获取: http://tvv.tw/github.com/fafa002/yf2025/raw/main/yiyifafa.txt
[2026-10-10 04:38:06] 从该源解析出 0 个频道
[2026-10-10 04:38:07] 正在获取: https://l.gmbbk.com/upload/39183918.txt
[2026-10-10 04:38:09] 从该源解析出 0 个频道
[2026-10-10 04:38:09] 正在获取: https://tv123.cc.cd/tv.m3u
[2026-10-10 04:38:11] 从该源解析出 2254 个频道
[2026-10-10 04:38:11] 正在获取: https://cdn.qd.je/live.m3u
[2026-10-10 04:38:12] 从该源解析出 121 个频道
[2026-10-10 04:38:13] 正在获取: https://raw.githubusercontent.com/nianxinmj/nxpz/refs/heads/main/lib/live.txt
[2026-10-10 04:38:13] 从该源解析出 0 个频道
[2026-10-10 04:38:13] 正在获取: https://raw.githubusercontent.com/807080747/zv/refs/heads/main/sese.txt
[2026-10-10 04:38:13] 从该源解析出 0 个频道
[2026-10-10 04:38:14] 正在获取: https://raw.githubusercontent.com/JE668/get-m3u/main/output/source-m3u.txt
[2026-10-10 04:38:14] 从该源解析出 400 个频道
[2026-10-10 04:38:14] 正在获取: https://raw.githubusercontent.com/JE668/m3u-checker-max/main/output/live.txt
[2026-10-10 04:38:14] 从该源解析出 0 个频道
[2026-10-10 04:38:15] 正在获取: https://raw.githubusercontent.com/wujiangliu/live-sources/refs/heads/main/shenqu.txt
[2026-10-10 04:38:15] 从该源解析出 0 个频道
[2026-10-10 04:38:15] 正在获取: https://raw.githubusercontent.com/wujiangliu/live-sources/refs/heads/main/wangzizb.txt
[2026-10-10 04:38:15] 从该源解析出 0 个频道
[2026-10-10 04:38:16] 正在获取: https://raw.githubusercontent.com/yihad168/tv/refs/heads/main/live.m3u
[2026-10-10 04:38:16] 获取失败，状态码: 404
[2026-10-10 04:38:16] 正在获取: https://raw.githubusercontent.com/a2256569/tv/refs/heads/main/sdzb.txt
[2026-10-10 04:38:16] 从该源解析出 0 个频道
[2026-10-10 04:38:16] 正在获取: https://raw.githubusercontent.com/ajqubbs/zhiboyuan/refs/heads/main/gatzb.txt
[2026-10-10 04:38:16] 从该源解析出 0 个频道
[2026-10-10 04:38:17] 正在获取: https://raw.githubusercontent.com/alantang1977/alan/main/proxy/mg.m3u
[2026-10-10 04:38:17] 从该源解析出 318 个频道
[2026-10-10 04:38:17] 正在获取: https://raw.githubusercontent.com/alantang1977/iptv8/refs/heads/main/bbxx_lite.m3u
[2026-10-10 04:38:18] 从该源解析出 6 个频道
[2026-10-10 04:38:18] 正在获取: https://raw.githubusercontent.com/jn950/live/main/tv/pllive.txt
[2026-10-10 04:38:18] 从该源解析出 0 个频道
[2026-10-10 04:38:19] 正在获取: https://raw.githubusercontent.com/xJEYDAin/iptv-scraper/master/output/hk_merged.m3u
[2026-10-10 04:38:19] 从该源解析出 147 个频道
[2026-10-10 04:38:19] 正在获取: https://raw.githubusercontent.com/fleung49/star/refs/heads/main/mit
[2026-10-10 04:38:19] 从该源解析出 0 个频道
[2026-10-10 04:38:20] 正在获取: https://raw.githubusercontent.com/alantang1977/tvboxlive/main/tv/pllive.txt
[2026-10-10 04:38:20] 从该源解析出 0 个频道
[2026-10-10 04:38:20] 正在获取: https://raw.githubusercontent.com/tianze889/tvds/refs/heads/main/fyzb.txt
[2026-10-10 04:38:20] 从该源解析出 0 个频道
[2026-10-10 04:38:21] 正在获取: https://raw.githubusercontent.com/YueChan/Live/main/GNTV.m3u
[2026-10-10 04:38:21] 从该源解析出 140 个频道
[2026-10-10 04:38:21] 正在获取: https://raw.githubusercontent.com/ljlfct01/ljlfct01.github.io/refs/heads/main/zb
[2026-10-10 04:38:21] 从该源解析出 0 个频道
[2026-10-10 04:38:22] 正在获取: https://raw.githubusercontent.com/zilong7728/Collect-IPTV/refs/heads/main/best_sorted.m3u
[2026-10-10 04:38:22] 从该源解析出 761 个频道
[2026-10-10 04:38:22] 正在获取: https://raw.githubusercontent.com/BurningC4/Chinese-IPTV/master/TV-IPV4.m3u
[2026-10-10 04:38:23] 从该源解析出 58 个频道
[2026-10-10 04:38:23] 采集完成: 9803 个原始频道 (来自43个源)
[2026-10-10 04:38:23] URL去重后: 7544 个频道
[2026-10-10 04:38:23] 已保存: outputs/full_raw.m3u (7544个频道)
[2026-10-10 04:38:23] 分离: IPv4=6494 IPv6=122 RTMP=14 拦截=914
[2026-10-10 04:38:23] 已保存: outputs/ipv6.m3u (122个频道)
[2026-10-10 04:38:23] 已保存: outputs/rtmp.m3u (14个频道)
[2026-10-10 04:38:23] 已保存: outputs/blocked.m3u (914个频道)
[2026-10-10 04:38:23] 开始验证 6494 个频道 (Phase 1 HEAD + Phase 2 内容探测)...
[2026-10-10 04:38:44] 已验证 50/6494 个频道
[2026-10-10 04:39:35] 已验证 100/6494 个频道
[2026-10-10 04:39:59] 已验证 150/6494 个频道
[2026-10-10 04:40:06] 已验证 200/6494 个频道
[2026-10-10 04:40:37] 已验证 250/6494 个频道
[2026-10-10 04:41:11] 已验证 300/6494 个频道
[2026-10-10 04:41:45] 已验证 350/6494 个频道
[2026-10-10 04:42:08] 已验证 400/6494 个频道
[2026-10-10 04:42:26] 已验证 450/6494 个频道
[2026-10-10 04:42:50] 已验证 500/6494 个频道
[2026-10-10 04:43:06] 已验证 550/6494 个频道
[2026-10-10 04:43:30] 已验证 600/6494 个频道
[2026-10-10 04:43:46] 已验证 650/6494 个频道
[2026-10-10 04:43:52] 已验证 700/6494 个频道
[2026-10-10 04:44:05] 已验证 750/6494 个频道
[2026-10-10 04:44:14] 已验证 800/6494 个频道
[2026-10-10 04:44:27] 已验证 850/6494 个频道
[2026-10-10 04:44:38] 已验证 900/6494 个频道
[2026-10-10 04:44:45] 已验证 950/6494 个频道
[2026-10-10 04:44:54] 已验证 1000/6494 个频道
[2026-10-10 04:45:00] 已验证 1050/6494 个频道
[2026-10-10 04:45:03] 已验证 1100/6494 个频道
[2026-10-10 04:45:08] 已验证 1150/6494 个频道
[2026-10-10 04:45:42] 已验证 1200/6494 个频道
[2026-10-10 04:46:00] 已验证 1250/6494 个频道
[2026-10-10 04:46:09] 已验证 1300/6494 个频道
[2026-10-10 04:46:28] 已验证 1350/6494 个频道
[2026-10-10 04:46:44] 已验证 1400/6494 个频道
[2026-10-10 04:46:59] 已验证 1450/6494 个频道
[2026-10-10 04:47:17] 已验证 1500/6494 个频道
[2026-10-10 04:47:36] 已验证 1550/6494 个频道
[2026-10-10 04:47:42] 已验证 1600/6494 个频道
[2026-10-10 04:47:48] 已验证 1650/6494 个频道
[2026-10-10 04:47:51] 已验证 1700/6494 个频道
[2026-10-10 04:48:02] 已验证 1750/6494 个频道
[2026-10-10 04:48:10] 已验证 1800/6494 个频道
[2026-10-10 04:48:24] 已验证 1850/6494 个频道
[2026-10-10 04:48:56] 已验证 1900/6494 个频道
[2026-10-10 04:49:17] 已验证 1950/6494 个频道
[2026-10-10 04:49:35] 已验证 2000/6494 个频道
[2026-10-10 04:49:52] 已验证 2050/6494 个频道
[2026-10-10 04:50:12] 已验证 2100/6494 个频道
[2026-10-10 04:50:32] 已验证 2150/6494 个频道
[2026-10-10 04:50:51] 已验证 2200/6494 个频道
[2026-10-10 04:51:49] 已验证 2250/6494 个频道
[2026-10-10 04:52:51] 已验证 2300/6494 个频道
[2026-10-10 04:53:51] 已验证 2350/6494 个频道
[2026-10-10 04:54:51] 已验证 2400/6494 个频道
[2026-10-10 04:55:41] 已验证 2450/6494 个频道
[2026-10-10 04:56:42] 已验证 2500/6494 个频道
[2026-10-10 04:57:42] 已验证 2550/6494 个频道
[2026-10-10 04:58:42] 已验证 2600/6494 个频道
[2026-10-10 04:59:42] 已验证 2650/6494 个频道
[2026-10-10 05:00:06] 已验证 2700/6494 个频道
[2026-10-10 05:00:37] 已验证 2750/6494 个频道
[2026-10-10 05:01:00] 已验证 2800/6494 个频道
[2026-10-10 05:01:17] 已验证 2850/6494 个频道
[2026-10-10 05:01:22] 已验证 2900/6494 个频道
[2026-10-10 05:01:27] 已验证 2950/6494 个频道
[2026-10-10 05:01:37] 已验证 3000/6494 个频道
[2026-10-10 05:01:46] 已验证 3050/6494 个频道
[2026-10-10 05:01:57] 已验证 3100/6494 个频道
[2026-10-10 05:02:07] 已验证 3150/6494 个频道
[2026-10-10 05:02:08] 已验证 3200/6494 个频道
[2026-10-10 05:02:09] 已验证 3250/6494 个频道
[2026-10-10 05:02:10] 已验证 3300/6494 个频道
[2026-10-10 05:02:11] 已验证 3350/6494 个频道
[2026-10-10 05:02:12] 已验证 3400/6494 个频道
[2026-10-10 05:02:13] 已验证 3450/6494 个频道
[2026-10-10 05:02:14] 已验证 3500/6494 个频道
[2026-10-10 05:02:15] 已验证 3550/6494 个频道
[2026-10-10 05:02:15] 已验证 3600/6494 个频道
[2026-10-10 05:02:16] 已验证 3650/6494 个频道
[2026-10-10 05:02:17] 已验证 3700/6494 个频道
[2026-10-10 05:02:18] 已验证 3750/6494 个频道
[2026-10-10 05:02:19] 已验证 3800/6494 个频道
[2026-10-10 05:02:20] 已验证 3850/6494 个频道
[2026-10-10 05:02:21] 已验证 3900/6494 个频道
[2026-10-10 05:02:22] 已验证 3950/6494 个频道
[2026-10-10 05:02:23] 已验证 4000/6494 个频道
[2026-10-10 05:02:24] 已验证 4050/6494 个频道
[2026-10-10 05:02:24] 已验证 4100/6494 个频道
[2026-10-10 05:02:25] 已验证 4150/6494 个频道
[2026-10-10 05:02:26] 已验证 4200/6494 个频道
[2026-10-10 05:02:27] 已验证 4250/6494 个频道
[2026-10-10 05:02:28] 已验证 4300/6494 个频道
[2026-10-10 05:02:29] 已验证 4350/6494 个频道
[2026-10-10 05:02:30] 已验证 4400/6494 个频道
[2026-10-10 05:02:31] 已验证 4450/6494 个频道
[2026-10-10 05:02:32] 已验证 4500/6494 个频道
[2026-10-10 05:02:33] 已验证 4550/6494 个频道
[2026-10-10 05:02:34] 已验证 4600/6494 个频道
[2026-10-10 05:02:34] 已验证 4650/6494 个频道
[2026-10-10 05:02:36] 已验证 4700/6494 个频道
[2026-10-10 05:02:36] 已验证 4750/6494 个频道
[2026-10-10 05:02:38] 已验证 4800/6494 个频道
[2026-10-10 05:02:38] 已验证 4850/6494 个频道
[2026-10-10 05:02:39] 已验证 4900/6494 个频道
[2026-10-10 05:02:40] 已验证 4950/6494 个频道
[2026-10-10 05:02:41] 已验证 5000/6494 个频道
[2026-10-10 05:02:42] 已验证 5050/6494 个频道
[2026-10-10 05:02:43] 已验证 5100/6494 个频道
[2026-10-10 05:02:43] 已验证 5150/6494 个频道
[2026-10-10 05:02:47] 已验证 5200/6494 个频道
[2026-10-10 05:03:06] 已验证 5250/6494 个频道
[2026-10-10 05:03:31] 已验证 5300/6494 个频道
[2026-10-10 05:03:56] 已验证 5350/6494 个频道
[2026-10-10 05:04:21] 已验证 5400/6494 个频道
[2026-10-10 05:04:46] 已验证 5450/6494 个频道
[2026-10-10 05:05:11] 已验证 5500/6494 个频道
[2026-10-10 05:05:36] 已验证 5550/6494 个频道
[2026-10-10 05:06:02] 已验证 5600/6494 个频道
[2026-10-10 05:06:09] 已验证 5650/6494 个频道
[2026-10-10 05:06:13] 已验证 5700/6494 个频道
[2026-10-10 05:06:16] 已验证 5750/6494 个频道
[2026-10-10 05:06:19] 已验证 5800/6494 个频道
[2026-10-10 05:06:23] 已验证 5850/6494 个频道
[2026-10-10 05:06:26] 已验证 5900/6494 个频道
[2026-10-10 05:06:32] 已验证 5950/6494 个频道
[2026-10-10 05:06:47] 已验证 6000/6494 个频道
[2026-10-10 05:07:20] 已验证 6050/6494 个频道
[2026-10-10 05:07:32] 已验证 6100/6494 个频道
[2026-10-10 05:07:46] 已验证 6150/6494 个频道
[2026-10-10 05:07:58] 已验证 6200/6494 个频道
[2026-10-10 05:08:09] 已验证 6250/6494 个频道
[2026-10-10 05:08:29] 已验证 6300/6494 个频道
[2026-10-10 05:08:41] 已验证 6350/6494 个频道
[2026-10-10 05:08:48] 已验证 6400/6494 个频道
[2026-10-10 05:09:15] 已验证 6450/6494 个频道
[2026-10-10 05:10:12] 已验证 6494/6494 个频道
[2026-10-10 05:10:12] 验证完成: HEAD通过=1941, 内容验证=1941/6494
[2026-10-10 05:10:12] 景区慢直播: 51个, 电视频道: 1890个
[2026-10-10 05:10:12] 已保存: outputs/webcam.m3u (51个频道)
[2026-10-10 05:10:12] 名称去重: 1890 → 1446个
[2026-10-10 05:10:12] 质量分级: A级=825 B级=493 C级=127
[2026-10-10 05:10:12] 已保存: outputs/tier_a.m3u (825个频道)
[2026-10-10 05:10:12] 已保存: outputs/tier_b.m3u (493个频道)
[2026-10-10 05:10:12] 已保存: outputs/tier_c.m3u (127个频道)
[2026-10-10 05:10:12] 已保存: outputs/full_validated.m3u (1445个频道)
[2026-10-10 05:10:12] 已保存: outputs/cctv.m3u (53个频道)
[2026-10-10 05:10:12] 已保存: outputs/satellite.m3u (86个频道)
[2026-10-10 05:10:12] 已保存: outputs/local.m3u (257个频道)
[2026-10-10 05:10:12] 已保存: outputs/international.m3u (85个频道)
[2026-10-10 05:10:12] 已保存: outputs/other.m3u (964个频道)